07:09:18 [INFO] device=cuda  epochs=100  n_features=4  forecast_horizon=8  forecast_loss_weight=0.15
07:09:18 [INFO] encoder params: 534,532
07:09:19 [INFO] train batches=642  val batches=138
07:10:05 [INFO] epoch=  1/100  train=0.9091  (mask=0.8156 fc=0.6236)  val=0.5207  (mask=0.4997 fc=0.1401)  mask_ratio=0.150  lr=1.00e-03
07:10:48 [INFO] epoch=  2/100  train=0.1427  (mask=0.1363 fc=0.0423)  val=0.4167  (mask=0.4033 fc=0.0895)  mask_ratio=0.155  lr=1.00e-03
07:11:31 [INFO] epoch=  3/100  train=0.1199  (mask=0.1149 fc=0.0334)  val=0.4089  (mask=0.3937 fc=0.1012)  mask_ratio=0.160  lr=9.99e-04
07:12:14 [INFO] epoch=  4/100  train=0.1058  (mask=0.1014 fc=0.0298)  val=0.2698  (mask=0.2585 fc=0.0755)  mask_ratio=0.165  lr=9.97e-04
07:12:58 [INFO] epoch=  5/100  train=0.0953  (mask=0.0912 fc=0.0273)  val=0.3451  (mask=0.3286 fc=0.1099)  mask_ratio=0.170  lr=9.96e-04
07:13:41 [INFO] epoch=  6/100  train=0.0808  (mask=0.0771 fc=0.0245)  val=0.2461  (mask=0.2347 fc=0.0755)  mask_ratio=0.175  lr=9.93e-04
07:14:24 [INFO] epoch=  7/100  train=0.0773  (mask=0.0737 fc=0.0240)  val=0.2521  (mask=0.2408 fc=0.0756)  mask_ratio=0.180  lr=9.90e-04
07:15:07 [INFO] epoch=  8/100  train=0.0734  (mask=0.0699 fc=0.0230)  val=0.2594  (mask=0.2477 fc=0.0785)  mask_ratio=0.185  lr=9.87e-04
07:15:50 [INFO] epoch=  9/100  train=0.0669  (mask=0.0637 fc=0.0210)  val=0.2169  (mask=0.2068 fc=0.0673)  mask_ratio=0.190  lr=9.83e-04
07:16:34 [INFO] epoch= 10/100  train=0.0639  (mask=0.0609 fc=0.0202)  val=0.2197  (mask=0.2098 fc=0.0665)  mask_ratio=0.195  lr=9.79e-04
07:17:17 [INFO] epoch= 11/100  train=0.0602  (mask=0.0573 fc=0.0188)  val=0.2091  (mask=0.2000 fc=0.0605)  mask_ratio=0.200  lr=9.74e-04
07:18:00 [INFO] epoch= 12/100  train=0.0561  (mask=0.0534 fc=0.0176)  val=0.2562  (mask=0.2464 fc=0.0654)  mask_ratio=0.205  lr=9.69e-04
07:18:44 [INFO] epoch= 13/100  train=0.0567  (mask=0.0540 fc=0.0175)  val=0.2020  (mask=0.1940 fc=0.0533)  mask_ratio=0.210  lr=9.63e-04
07:19:27 [INFO] epoch= 14/100  train=0.0520  (mask=0.0496 fc=0.0162)  val=0.2014  (mask=0.1936 fc=0.0517)  mask_ratio=0.215  lr=9.57e-04
07:20:10 [INFO] epoch= 15/100  train=0.0548  (mask=0.0522 fc=0.0173)  val=0.1510  (mask=0.1435 fc=0.0500)  mask_ratio=0.220  lr=9.50e-04
07:20:53 [INFO] epoch= 16/100  train=0.0500  (mask=0.0476 fc=0.0158)  val=0.2058  (mask=0.1976 fc=0.0543)  mask_ratio=0.225  lr=9.43e-04
07:21:36 [INFO] epoch= 17/100  train=0.0503  (mask=0.0479 fc=0.0162)  val=0.1615  (mask=0.1544 fc=0.0476)  mask_ratio=0.230  lr=9.35e-04
07:22:20 [INFO] epoch= 18/100  train=0.0452  (mask=0.0430 fc=0.0144)  val=0.1544  (mask=0.1479 fc=0.0436)  mask_ratio=0.235  lr=9.27e-04
07:23:03 [INFO] epoch= 19/100  train=0.0473  (mask=0.0450 fc=0.0152)  val=0.1188  (mask=0.1135 fc=0.0356)  mask_ratio=0.240  lr=9.19e-04
07:23:46 [INFO] epoch= 20/100  train=0.0444  (mask=0.0423 fc=0.0143)  val=0.1552  (mask=0.1486 fc=0.0441)  mask_ratio=0.245  lr=9.10e-04
07:24:29 [INFO] epoch= 21/100  train=0.0411  (mask=0.0390 fc=0.0137)  val=0.1854  (mask=0.1782 fc=0.0481)  mask_ratio=0.250  lr=9.01e-04
07:25:12 [INFO] epoch= 22/100  train=0.0421  (mask=0.0400 fc=0.0139)  val=0.1697  (mask=0.1628 fc=0.0462)  mask_ratio=0.255  lr=8.91e-04
07:25:56 [INFO] epoch= 23/100  train=0.0397  (mask=0.0378 fc=0.0132)  val=0.1586  (mask=0.1521 fc=0.0433)  mask_ratio=0.260  lr=8.81e-04
07:26:39 [INFO] epoch= 24/100  train=0.0394  (mask=0.0375 fc=0.0131)  val=0.1873  (mask=0.1792 fc=0.0545)  mask_ratio=0.265  lr=8.71e-04
07:27:22 [INFO] epoch= 25/100  train=0.0377  (mask=0.0358 fc=0.0127)  val=0.2276  (mask=0.2180 fc=0.0636)  mask_ratio=0.270  lr=8.60e-04
07:28:06 [INFO] epoch= 26/100  train=0.0360  (mask=0.0341 fc=0.0125)  val=0.1575  (mask=0.1506 fc=0.0457)  mask_ratio=0.275  lr=8.49e-04
07:28:49 [INFO] epoch= 27/100  train=0.0378  (mask=0.0359 fc=0.0126)  val=0.1365  (mask=0.1299 fc=0.0444)  mask_ratio=0.280  lr=8.37e-04
07:29:32 [INFO] epoch= 28/100  train=0.0347  (mask=0.0329 fc=0.0119)  val=0.1106  (mask=0.1057 fc=0.0329)  mask_ratio=0.285  lr=8.26e-04
07:30:15 [INFO] epoch= 29/100  train=0.0369  (mask=0.0350 fc=0.0127)  val=0.1976  (mask=0.1884 fc=0.0611)  mask_ratio=0.290  lr=8.13e-04
07:30:58 [INFO] epoch= 30/100  train=0.0329  (mask=0.0311 fc=0.0116)  val=0.1912  (mask=0.1829 fc=0.0553)  mask_ratio=0.295  lr=8.01e-04
07:31:42 [INFO] epoch= 31/100  train=0.0312  (mask=0.0296 fc=0.0110)  val=0.1384  (mask=0.1321 fc=0.0421)  mask_ratio=0.300  lr=7.88e-04
07:32:25 [INFO] epoch= 32/100  train=0.0309  (mask=0.0292 fc=0.0110)  val=0.1693  (mask=0.1619 fc=0.0491)  mask_ratio=0.305  lr=7.75e-04
07:33:08 [INFO] epoch= 33/100  train=0.0332  (mask=0.0314 fc=0.0116)  val=0.1783  (mask=0.1698 fc=0.0569)  mask_ratio=0.310  lr=7.62e-04
07:33:51 [INFO] epoch= 34/100  train=0.0307  (mask=0.0291 fc=0.0109)  val=0.1575  (mask=0.1503 fc=0.0482)  mask_ratio=0.315  lr=7.48e-04
07:34:34 [INFO] epoch= 35/100  train=0.0315  (mask=0.0298 fc=0.0111)  val=0.1667  (mask=0.1587 fc=0.0535)  mask_ratio=0.320  lr=7.34e-04
07:35:17 [INFO] epoch= 36/100  train=0.0293  (mask=0.0277 fc=0.0105)  val=0.1201  (mask=0.1143 fc=0.0387)  mask_ratio=0.325  lr=7.20e-04
07:36:00 [INFO] epoch= 37/100  train=0.0290  (mask=0.0274 fc=0.0105)  val=0.1917  (mask=0.1828 fc=0.0594)  mask_ratio=0.330  lr=7.06e-04
07:36:44 [INFO] epoch= 38/100  train=0.0285  (mask=0.0270 fc=0.0105)  val=0.1816  (mask=0.1731 fc=0.0568)  mask_ratio=0.335  lr=6.91e-04
07:37:27 [INFO] epoch= 39/100  train=0.0271  (mask=0.0256 fc=0.0100)  val=0.2029  (mask=0.1935 fc=0.0621)  mask_ratio=0.340  lr=6.76e-04
07:38:10 [INFO] epoch= 40/100  train=0.0264  (mask=0.0249 fc=0.0098)  val=0.0958  (mask=0.0900 fc=0.0385)  mask_ratio=0.345  lr=6.62e-04
07:38:53 [INFO] epoch= 41/100  train=0.0290  (mask=0.0274 fc=0.0106)  val=0.1774  (mask=0.1688 fc=0.0571)  mask_ratio=0.350  lr=6.46e-04
07:39:36 [INFO] epoch= 42/100  train=0.0280  (mask=0.0265 fc=0.0104)  val=0.1617  (mask=0.1539 fc=0.0526)  mask_ratio=0.355  lr=6.31e-04
07:40:19 [INFO] epoch= 43/100  train=0.0269  (mask=0.0254 fc=0.0101)  val=0.1631  (mask=0.1555 fc=0.0511)  mask_ratio=0.360  lr=6.16e-04
07:41:02 [INFO] epoch= 44/100  train=0.0253  (mask=0.0239 fc=0.0097)  val=0.1661  (mask=0.1580 fc=0.0540)  mask_ratio=0.365  lr=6.00e-04
07:41:45 [INFO] epoch= 45/100  train=0.0261  (mask=0.0246 fc=0.0098)  val=0.1442  (mask=0.1366 fc=0.0511)  mask_ratio=0.370  lr=5.85e-04
07:42:28 [INFO] epoch= 46/100  train=0.0247  (mask=0.0233 fc=0.0095)  val=0.1528  (mask=0.1451 fc=0.0518)  mask_ratio=0.375  lr=5.69e-04
07:43:12 [INFO] epoch= 47/100  train=0.0258  (mask=0.0243 fc=0.0097)  val=0.1604  (mask=0.1523 fc=0.0541)  mask_ratio=0.380  lr=5.54e-04
07:43:55 [INFO] epoch= 48/100  train=0.0247  (mask=0.0233 fc=0.0094)  val=0.1687  (mask=0.1602 fc=0.0565)  mask_ratio=0.385  lr=5.38e-04
07:44:38 [INFO] epoch= 49/100  train=0.0236  (mask=0.0222 fc=0.0091)  val=0.1372  (mask=0.1301 fc=0.0473)  mask_ratio=0.390  lr=5.22e-04
07:45:21 [INFO] epoch= 50/100  train=0.0227  (mask=0.0214 fc=0.0088)  val=0.1693  (mask=0.1607 fc=0.0572)  mask_ratio=0.395  lr=5.06e-04
07:46:04 [INFO] epoch= 51/100  train=0.0231  (mask=0.0217 fc=0.0091)  val=0.1697  (mask=0.1609 fc=0.0588)  mask_ratio=0.400  lr=4.90e-04
07:46:47 [INFO] epoch= 52/100  train=0.0240  (mask=0.0226 fc=0.0094)  val=0.1590  (mask=0.1506 fc=0.0555)  mask_ratio=0.400  lr=4.75e-04
07:47:31 [INFO] epoch= 53/100  train=0.0229  (mask=0.0215 fc=0.0089)  val=0.1334  (mask=0.1263 fc=0.0469)  mask_ratio=0.400  lr=4.59e-04
07:48:14 [INFO] epoch= 54/100  train=0.0220  (mask=0.0207 fc=0.0086)  val=0.2016  (mask=0.1912 fc=0.0693)  mask_ratio=0.400  lr=4.43e-04
07:48:57 [INFO] epoch= 55/100  train=0.0218  (mask=0.0206 fc=0.0085)  val=0.1432  (mask=0.1357 fc=0.0499)  mask_ratio=0.400  lr=4.27e-04
07:49:40 [INFO] epoch= 56/100  train=0.0216  (mask=0.0203 fc=0.0084)  val=0.1358  (mask=0.1288 fc=0.0469)  mask_ratio=0.400  lr=4.12e-04
07:50:23 [INFO] epoch= 57/100  train=0.0228  (mask=0.0215 fc=0.0088)  val=0.1564  (mask=0.1483 fc=0.0541)  mask_ratio=0.400  lr=3.96e-04
07:51:06 [INFO] epoch= 58/100  train=0.0224  (mask=0.0211 fc=0.0086)  val=0.1209  (mask=0.1147 fc=0.0410)  mask_ratio=0.400  lr=3.81e-04
07:51:49 [INFO] epoch= 59/100  train=0.0233  (mask=0.0220 fc=0.0089)  val=0.1312  (mask=0.1244 fc=0.0453)  mask_ratio=0.400  lr=3.65e-04
07:52:32 [INFO] epoch= 60/100  train=0.0220  (mask=0.0207 fc=0.0085)  val=0.1470  (mask=0.1395 fc=0.0504)  mask_ratio=0.400  lr=3.50e-04
07:53:15 [INFO] epoch= 61/100  train=0.0218  (mask=0.0205 fc=0.0084)  val=0.1588  (mask=0.1506 fc=0.0545)  mask_ratio=0.400  lr=3.35e-04
07:53:58 [INFO] epoch= 62/100  train=0.0218  (mask=0.0206 fc=0.0083)  val=0.1670  (mask=0.1582 fc=0.0583)  mask_ratio=0.400  lr=3.20e-04
07:54:41 [INFO] epoch= 63/100  train=0.0217  (mask=0.0205 fc=0.0083)  val=0.1513  (mask=0.1434 fc=0.0526)  mask_ratio=0.400  lr=3.06e-04
07:55:25 [INFO] epoch= 64/100  train=0.0217  (mask=0.0205 fc=0.0082)  val=0.1453  (mask=0.1380 fc=0.0489)  mask_ratio=0.400  lr=2.91e-04
07:56:08 [INFO] epoch= 65/100  train=0.0224  (mask=0.0211 fc=0.0085)  val=0.1374  (mask=0.1303 fc=0.0469)  mask_ratio=0.400  lr=2.77e-04
07:56:52 [INFO] epoch= 66/100  train=0.0222  (mask=0.0209 fc=0.0084)  val=0.1405  (mask=0.1331 fc=0.0494)  mask_ratio=0.400  lr=2.63e-04
07:57:35 [INFO] epoch= 67/100  train=0.0203  (mask=0.0192 fc=0.0077)  val=0.1491  (mask=0.1417 fc=0.0496)  mask_ratio=0.400  lr=2.49e-04
07:58:19 [INFO] epoch= 68/100  train=0.0213  (mask=0.0201 fc=0.0080)  val=0.1584  (mask=0.1503 fc=0.0542)  mask_ratio=0.400  lr=2.35e-04
07:59:02 [INFO] epoch= 69/100  train=0.0204  (mask=0.0192 fc=0.0078)  val=0.1485  (mask=0.1409 fc=0.0507)  mask_ratio=0.400  lr=2.22e-04
07:59:45 [INFO] epoch= 70/100  train=0.0201  (mask=0.0189 fc=0.0076)  val=0.1553  (mask=0.1474 fc=0.0529)  mask_ratio=0.400  lr=2.09e-04
08:00:29 [INFO] epoch= 71/100  train=0.0205  (mask=0.0193 fc=0.0077)  val=0.1675  (mask=0.1591 fc=0.0565)  mask_ratio=0.400  lr=1.96e-04
08:01:12 [INFO] epoch= 72/100  train=0.0212  (mask=0.0200 fc=0.0080)  val=0.1295  (mask=0.1229 fc=0.0440)  mask_ratio=0.400  lr=1.84e-04
08:01:55 [INFO] epoch= 73/100  train=0.0203  (mask=0.0191 fc=0.0076)  val=0.1263  (mask=0.1199 fc=0.0432)  mask_ratio=0.400  lr=1.72e-04
08:02:38 [INFO] epoch= 74/100  train=0.0212  (mask=0.0200 fc=0.0080)  val=0.1531  (mask=0.1453 fc=0.0522)  mask_ratio=0.400  lr=1.60e-04
08:03:20 [INFO] epoch= 75/100  train=0.0196  (mask=0.0185 fc=0.0074)  val=0.1433  (mask=0.1357 fc=0.0505)  mask_ratio=0.400  lr=1.49e-04
08:04:03 [INFO] epoch= 76/100  train=0.0190  (mask=0.0179 fc=0.0071)  val=0.1338  (mask=0.1269 fc=0.0461)  mask_ratio=0.400  lr=1.38e-04
08:04:47 [INFO] epoch= 77/100  train=0.0195  (mask=0.0184 fc=0.0073)  val=0.1351  (mask=0.1281 fc=0.0466)  mask_ratio=0.400  lr=1.27e-04
08:05:29 [INFO] epoch= 78/100  train=0.0188  (mask=0.0178 fc=0.0071)  val=0.1392  (mask=0.1319 fc=0.0486)  mask_ratio=0.400  lr=1.16e-04
08:06:12 [INFO] epoch= 79/100  train=0.0202  (mask=0.0191 fc=0.0075)  val=0.1211  (mask=0.1148 fc=0.0419)  mask_ratio=0.400  lr=1.07e-04
08:06:55 [INFO] epoch= 80/100  train=0.0192  (mask=0.0181 fc=0.0072)  val=0.1332  (mask=0.1264 fc=0.0459)  mask_ratio=0.400  lr=9.69e-05
08:07:37 [INFO] epoch= 81/100  train=0.0201  (mask=0.0190 fc=0.0075)  val=0.1330  (mask=0.1262 fc=0.0452)  mask_ratio=0.400  lr=8.78e-05
08:08:20 [INFO] epoch= 82/100  train=0.0194  (mask=0.0183 fc=0.0072)  val=0.1386  (mask=0.1315 fc=0.0472)  mask_ratio=0.400  lr=7.90e-05
08:09:02 [INFO] epoch= 83/100  train=0.0192  (mask=0.0181 fc=0.0072)  val=0.1288  (mask=0.1221 fc=0.0444)  mask_ratio=0.400  lr=7.07e-05
08:09:45 [INFO] epoch= 84/100  train=0.0204  (mask=0.0193 fc=0.0076)  val=0.1482  (mask=0.1407 fc=0.0502)  mask_ratio=0.400  lr=6.28e-05
08:10:28 [INFO] epoch= 85/100  train=0.0189  (mask=0.0178 fc=0.0070)  val=0.1521  (mask=0.1443 fc=0.0517)  mask_ratio=0.400  lr=5.53e-05
08:11:11 [INFO] epoch= 86/100  train=0.0200  (mask=0.0188 fc=0.0074)  val=0.1395  (mask=0.1323 fc=0.0478)  mask_ratio=0.400  lr=4.83e-05
08:11:53 [INFO] epoch= 87/100  train=0.0187  (mask=0.0176 fc=0.0069)  val=0.1321  (mask=0.1254 fc=0.0449)  mask_ratio=0.400  lr=4.18e-05
08:12:36 [INFO] epoch= 88/100  train=0.0184  (mask=0.0174 fc=0.0069)  val=0.1518  (mask=0.1442 fc=0.0509)  mask_ratio=0.400  lr=3.57e-05
08:13:19 [INFO] epoch= 89/100  train=0.0184  (mask=0.0174 fc=0.0069)  val=0.1425  (mask=0.1353 fc=0.0476)  mask_ratio=0.400  lr=3.00e-05
08:14:02 [INFO] epoch= 90/100  train=0.0192  (mask=0.0181 fc=0.0071)  val=0.1397  (mask=0.1327 fc=0.0471)  mask_ratio=0.400  lr=2.49e-05
08:14:45 [INFO] epoch= 91/100  train=0.0179  (mask=0.0169 fc=0.0067)  val=0.1686  (mask=0.1601 fc=0.0567)  mask_ratio=0.400  lr=2.02e-05
08:15:28 [INFO] epoch= 92/100  train=0.0182  (mask=0.0172 fc=0.0068)  val=0.1634  (mask=0.1552 fc=0.0543)  mask_ratio=0.400  lr=1.60e-05
08:16:11 [INFO] epoch= 93/100  train=0.0189  (mask=0.0179 fc=0.0071)  val=0.1302  (mask=0.1236 fc=0.0441)  mask_ratio=0.400  lr=1.22e-05
08:16:55 [INFO] epoch= 94/100  train=0.0187  (mask=0.0176 fc=0.0069)  val=0.1546  (mask=0.1468 fc=0.0518)  mask_ratio=0.400  lr=9.00e-06
08:17:38 [INFO] epoch= 95/100  train=0.0170  (mask=0.0160 fc=0.0064)  val=0.1533  (mask=0.1456 fc=0.0515)  mask_ratio=0.400  lr=6.25e-06
08:18:20 [INFO] epoch= 96/100  train=0.0188  (mask=0.0177 fc=0.0070)  val=0.1320  (mask=0.1253 fc=0.0449)  mask_ratio=0.400  lr=4.00e-06
08:19:04 [INFO] epoch= 97/100  train=0.0179  (mask=0.0169 fc=0.0067)  val=0.1340  (mask=0.1272 fc=0.0457)  mask_ratio=0.400  lr=2.25e-06
08:19:47 [INFO] epoch= 98/100  train=0.0175  (mask=0.0165 fc=0.0065)  val=0.1377  (mask=0.1307 fc=0.0467)  mask_ratio=0.400  lr=1.00e-06
08:20:30 [INFO] epoch= 99/100  train=0.0174  (mask=0.0164 fc=0.0065)  val=0.1364  (mask=0.1294 fc=0.0462)  mask_ratio=0.400  lr=2.51e-07
08:21:13 [INFO] epoch=100/100  train=0.0176  (mask=0.0166 fc=0.0067)  val=0.1354  (mask=0.1286 fc=0.0459)  mask_ratio=0.400  lr=0.00e+00
08:21:13 [INFO] 학습 완료. best_val_loss=0.0958
12:42:34 [INFO] device=cuda  epochs=100  n_features=4  forecast_horizon=8  forecast_loss_weight=0.15
12:42:34 [INFO] encoder params: 534,532
12:42:34 [INFO] train batches=642  val batches=138
12:43:44 [INFO] epoch=  1/100  train=1.1983  (mask=1.0606 fc=0.9181)  val=0.4492  (mask=0.3860 fc=0.4212)  lr=1.00e-03
12:44:51 [INFO] epoch=  2/100  train=0.3811  (mask=0.3250 fc=0.3744)  val=0.3954  (mask=0.3340 fc=0.4092)  lr=1.00e-03
12:45:59 [INFO] epoch=  3/100  train=0.3249  (mask=0.2708 fc=0.3606)  val=0.3390  (mask=0.2792 fc=0.3987)  lr=9.99e-04
12:47:06 [INFO] epoch=  4/100  train=0.2935  (mask=0.2407 fc=0.3521)  val=0.3398  (mask=0.2786 fc=0.4078)  lr=9.97e-04
12:48:14 [INFO] epoch=  5/100  train=0.2729  (mask=0.2209 fc=0.3463)  val=0.3547  (mask=0.2927 fc=0.4132)  lr=9.96e-04
12:49:21 [INFO] epoch=  6/100  train=0.2628  (mask=0.2116 fc=0.3408)  val=0.3488  (mask=0.2884 fc=0.4022)  lr=9.93e-04
12:50:28 [INFO] epoch=  7/100  train=0.2542  (mask=0.2041 fc=0.3338)  val=0.3526  (mask=0.2897 fc=0.4192)  lr=9.90e-04
12:51:35 [INFO] epoch=  8/100  train=0.2439  (mask=0.1949 fc=0.3270)  val=0.3460  (mask=0.2846 fc=0.4093)  lr=9.87e-04
12:52:43 [INFO] epoch=  9/100  train=0.2405  (mask=0.1923 fc=0.3216)  val=0.3503  (mask=0.2872 fc=0.4203)  lr=9.83e-04
12:53:50 [INFO] epoch= 10/100  train=0.2300  (mask=0.1826 fc=0.3160)  val=0.3440  (mask=0.2822 fc=0.4120)  lr=9.79e-04
12:54:57 [INFO] epoch= 11/100  train=0.2253  (mask=0.1788 fc=0.3100)  val=0.3346  (mask=0.2725 fc=0.4138)  lr=9.74e-04
12:56:05 [INFO] epoch= 12/100  train=0.2195  (mask=0.1738 fc=0.3047)  val=0.3303  (mask=0.2695 fc=0.4055)  lr=9.69e-04
12:57:12 [INFO] epoch= 13/100  train=0.2119  (mask=0.1669 fc=0.3002)  val=0.3483  (mask=0.2852 fc=0.4208)  lr=9.63e-04
12:58:20 [INFO] epoch= 14/100  train=0.2109  (mask=0.1665 fc=0.2956)  val=0.3272  (mask=0.2657 fc=0.4100)  lr=9.57e-04
12:59:27 [INFO] epoch= 15/100  train=0.2058  (mask=0.1618 fc=0.2938)  val=0.3354  (mask=0.2729 fc=0.4166)  lr=9.50e-04
13:00:34 [INFO] epoch= 16/100  train=0.2025  (mask=0.1594 fc=0.2878)  val=0.3387  (mask=0.2735 fc=0.4348)  lr=9.43e-04
13:01:42 [INFO] epoch= 17/100  train=0.1991  (mask=0.1563 fc=0.2856)  val=0.3421  (mask=0.2759 fc=0.4413)  lr=9.35e-04
13:02:49 [INFO] epoch= 18/100  train=0.1957  (mask=0.1535 fc=0.2810)  val=0.3524  (mask=0.2851 fc=0.4482)  lr=9.27e-04
13:03:57 [INFO] epoch= 19/100  train=0.1933  (mask=0.1512 fc=0.2802)  val=0.3416  (mask=0.2767 fc=0.4328)  lr=9.19e-04
13:05:04 [INFO] epoch= 20/100  train=0.1924  (mask=0.1510 fc=0.2760)  val=0.3499  (mask=0.2822 fc=0.4517)  lr=9.10e-04
13:06:12 [INFO] epoch= 21/100  train=0.1918  (mask=0.1507 fc=0.2740)  val=0.3416  (mask=0.2744 fc=0.4486)  lr=9.01e-04
13:07:19 [INFO] epoch= 22/100  train=0.1844  (mask=0.1436 fc=0.2716)  val=0.3571  (mask=0.2912 fc=0.4392)  lr=8.91e-04
13:08:27 [INFO] epoch= 23/100  train=0.1835  (mask=0.1432 fc=0.2685)  val=0.3501  (mask=0.2857 fc=0.4298)  lr=8.81e-04
13:09:34 [INFO] epoch= 24/100  train=0.1815  (mask=0.1415 fc=0.2667)  val=0.3453  (mask=0.2780 fc=0.4488)  lr=8.71e-04
13:10:41 [INFO] epoch= 25/100  train=0.1816  (mask=0.1420 fc=0.2636)  val=0.3494  (mask=0.2841 fc=0.4349)  lr=8.60e-04
13:11:49 [INFO] epoch= 26/100  train=0.1768  (mask=0.1377 fc=0.2606)  val=0.3688  (mask=0.3002 fc=0.4577)  lr=8.49e-04
13:12:56 [INFO] epoch= 27/100  train=0.1775  (mask=0.1387 fc=0.2583)  val=0.3383  (mask=0.2725 fc=0.4388)  lr=8.37e-04
13:14:04 [INFO] epoch= 28/100  train=0.1753  (mask=0.1367 fc=0.2573)  val=0.3533  (mask=0.2849 fc=0.4562)  lr=8.26e-04
13:15:11 [INFO] epoch= 29/100  train=0.1727  (mask=0.1345 fc=0.2545)  val=0.3520  (mask=0.2832 fc=0.4591)  lr=8.13e-04
13:16:18 [INFO] epoch= 30/100  train=0.1699  (mask=0.1321 fc=0.2521)  val=0.3590  (mask=0.2906 fc=0.4559)  lr=8.01e-04
13:17:26 [INFO] epoch= 31/100  train=0.1668  (mask=0.1295 fc=0.2485)  val=0.3429  (mask=0.2752 fc=0.4515)  lr=7.88e-04
13:18:33 [INFO] epoch= 32/100  train=0.1670  (mask=0.1298 fc=0.2481)  val=0.3609  (mask=0.2910 fc=0.4657)  lr=7.75e-04
13:19:40 [INFO] epoch= 33/100  train=0.1655  (mask=0.1286 fc=0.2461)  val=0.3495  (mask=0.2821 fc=0.4496)  lr=7.62e-04
13:20:48 [INFO] epoch= 34/100  train=0.1677  (mask=0.1311 fc=0.2434)  val=0.3502  (mask=0.2818 fc=0.4562)  lr=7.48e-04
13:21:55 [INFO] epoch= 35/100  train=0.1641  (mask=0.1282 fc=0.2398)  val=0.3531  (mask=0.2850 fc=0.4539)  lr=7.34e-04
13:23:03 [INFO] epoch= 36/100  train=0.1640  (mask=0.1282 fc=0.2386)  val=0.3482  (mask=0.2822 fc=0.4403)  lr=7.20e-04
13:24:10 [INFO] epoch= 37/100  train=0.1626  (mask=0.1270 fc=0.2374)  val=0.3473  (mask=0.2780 fc=0.4616)  lr=7.06e-04
13:25:17 [INFO] epoch= 38/100  train=0.1596  (mask=0.1244 fc=0.2351)  val=0.3594  (mask=0.2909 fc=0.4565)  lr=6.91e-04
13:26:25 [INFO] epoch= 39/100  train=0.1585  (mask=0.1235 fc=0.2332)  val=0.3589  (mask=0.2896 fc=0.4621)  lr=6.76e-04
13:27:32 [INFO] epoch= 40/100  train=0.1602  (mask=0.1254 fc=0.2317)  val=0.3759  (mask=0.3066 fc=0.4618)  lr=6.62e-04
13:28:40 [INFO] epoch= 41/100  train=0.1571  (mask=0.1226 fc=0.2297)  val=0.3491  (mask=0.2815 fc=0.4508)  lr=6.46e-04
13:29:47 [INFO] epoch= 42/100  train=0.1547  (mask=0.1205 fc=0.2277)  val=0.3479  (mask=0.2783 fc=0.4636)  lr=6.31e-04
13:30:55 [INFO] epoch= 43/100  train=0.1556  (mask=0.1217 fc=0.2261)  val=0.3580  (mask=0.2873 fc=0.4714)  lr=6.16e-04
13:32:02 [INFO] epoch= 44/100  train=0.1533  (mask=0.1196 fc=0.2244)  val=0.3501  (mask=0.2801 fc=0.4664)  lr=6.00e-04
13:33:09 [INFO] epoch= 45/100  train=0.1541  (mask=0.1207 fc=0.2228)  val=0.3492  (mask=0.2797 fc=0.4632)  lr=5.85e-04
13:34:17 [INFO] epoch= 46/100  train=0.1528  (mask=0.1195 fc=0.2217)  val=0.3629  (mask=0.2934 fc=0.4633)  lr=5.69e-04
13:35:24 [INFO] epoch= 47/100  train=0.1525  (mask=0.1196 fc=0.2196)  val=0.3590  (mask=0.2885 fc=0.4705)  lr=5.54e-04
13:36:31 [INFO] epoch= 48/100  train=0.1521  (mask=0.1193 fc=0.2187)  val=0.3567  (mask=0.2865 fc=0.4674)  lr=5.38e-04
13:37:38 [INFO] epoch= 49/100  train=0.1500  (mask=0.1173 fc=0.2180)  val=0.3471  (mask=0.2802 fc=0.4461)  lr=5.22e-04
13:38:46 [INFO] epoch= 50/100  train=0.1488  (mask=0.1163 fc=0.2166)  val=0.3472  (mask=0.2793 fc=0.4528)  lr=5.06e-04
13:39:53 [INFO] epoch= 51/100  train=0.1488  (mask=0.1167 fc=0.2137)  val=0.3491  (mask=0.2795 fc=0.4640)  lr=4.90e-04
13:41:01 [INFO] epoch= 52/100  train=0.1468  (mask=0.1149 fc=0.2125)  val=0.3533  (mask=0.2832 fc=0.4672)  lr=4.75e-04
13:42:08 [INFO] epoch= 53/100  train=0.1488  (mask=0.1170 fc=0.2117)  val=0.3447  (mask=0.2752 fc=0.4631)  lr=4.59e-04
13:43:16 [INFO] epoch= 54/100  train=0.1466  (mask=0.1149 fc=0.2115)  val=0.3540  (mask=0.2823 fc=0.4785)  lr=4.43e-04
13:44:23 [INFO] epoch= 55/100  train=0.1449  (mask=0.1135 fc=0.2092)  val=0.3426  (mask=0.2715 fc=0.4741)  lr=4.27e-04
13:45:31 [INFO] epoch= 56/100  train=0.1445  (mask=0.1132 fc=0.2083)  val=0.3608  (mask=0.2916 fc=0.4615)  lr=4.12e-04
13:46:38 [INFO] epoch= 57/100  train=0.1443  (mask=0.1132 fc=0.2073)  val=0.3469  (mask=0.2742 fc=0.4844)  lr=3.96e-04
13:47:46 [INFO] epoch= 58/100  train=0.1444  (mask=0.1136 fc=0.2050)  val=0.3531  (mask=0.2821 fc=0.4735)  lr=3.81e-04
13:48:53 [INFO] epoch= 59/100  train=0.1428  (mask=0.1121 fc=0.2046)  val=0.3504  (mask=0.2797 fc=0.4715)  lr=3.65e-04
13:50:01 [INFO] epoch= 60/100  train=0.1427  (mask=0.1120 fc=0.2046)  val=0.3579  (mask=0.2871 fc=0.4720)  lr=3.50e-04
13:51:08 [INFO] epoch= 61/100  train=0.1425  (mask=0.1120 fc=0.2031)  val=0.3581  (mask=0.2872 fc=0.4728)  lr=3.35e-04
13:52:16 [INFO] epoch= 62/100  train=0.1426  (mask=0.1123 fc=0.2016)  val=0.3517  (mask=0.2794 fc=0.4820)  lr=3.20e-04
13:53:23 [INFO] epoch= 63/100  train=0.1421  (mask=0.1119 fc=0.2013)  val=0.3669  (mask=0.2949 fc=0.4800)  lr=3.06e-04
13:54:30 [INFO] epoch= 64/100  train=0.1399  (mask=0.1100 fc=0.1993)  val=0.3500  (mask=0.2788 fc=0.4741)  lr=2.91e-04
13:55:38 [INFO] epoch= 65/100  train=0.1398  (mask=0.1099 fc=0.1988)  val=0.3506  (mask=0.2788 fc=0.4787)  lr=2.77e-04
13:56:45 [INFO] epoch= 66/100  train=0.1402  (mask=0.1104 fc=0.1983)  val=0.3560  (mask=0.2824 fc=0.4906)  lr=2.63e-04
13:57:52 [INFO] epoch= 67/100  train=0.1398  (mask=0.1102 fc=0.1969)  val=0.3661  (mask=0.2903 fc=0.5048)  lr=2.49e-04
13:59:00 [INFO] epoch= 68/100  train=0.1391  (mask=0.1098 fc=0.1957)  val=0.3570  (mask=0.2848 fc=0.4812)  lr=2.35e-04
14:00:07 [INFO] epoch= 69/100  train=0.1380  (mask=0.1088 fc=0.1947)  val=0.3674  (mask=0.2944 fc=0.4862)  lr=2.22e-04
14:01:15 [INFO] epoch= 70/100  train=0.1356  (mask=0.1066 fc=0.1934)  val=0.3597  (mask=0.2875 fc=0.4812)  lr=2.09e-04
14:02:22 [INFO] epoch= 71/100  train=0.1368  (mask=0.1079 fc=0.1924)  val=0.3560  (mask=0.2836 fc=0.4826)  lr=1.96e-04
14:03:30 [INFO] epoch= 72/100  train=0.1371  (mask=0.1082 fc=0.1922)  val=0.3466  (mask=0.2748 fc=0.4789)  lr=1.84e-04
14:04:37 [INFO] epoch= 73/100  train=0.1368  (mask=0.1080 fc=0.1919)  val=0.3502  (mask=0.2756 fc=0.4971)  lr=1.72e-04
14:05:45 [INFO] epoch= 74/100  train=0.1364  (mask=0.1077 fc=0.1915)  val=0.3525  (mask=0.2799 fc=0.4841)  lr=1.60e-04
14:06:53 [INFO] epoch= 75/100  train=0.1352  (mask=0.1067 fc=0.1906)  val=0.3457  (mask=0.2735 fc=0.4815)  lr=1.49e-04
14:08:00 [INFO] epoch= 76/100  train=0.1343  (mask=0.1059 fc=0.1893)  val=0.3498  (mask=0.2784 fc=0.4761)  lr=1.38e-04
14:09:08 [INFO] epoch= 77/100  train=0.1362  (mask=0.1077 fc=0.1896)  val=0.3512  (mask=0.2785 fc=0.4841)  lr=1.27e-04
14:10:16 [INFO] epoch= 78/100  train=0.1349  (mask=0.1067 fc=0.1885)  val=0.3604  (mask=0.2883 fc=0.4811)  lr=1.16e-04
14:11:23 [INFO] epoch= 79/100  train=0.1355  (mask=0.1073 fc=0.1881)  val=0.3613  (mask=0.2872 fc=0.4941)  lr=1.07e-04
14:12:31 [INFO] epoch= 80/100  train=0.1333  (mask=0.1052 fc=0.1873)  val=0.3572  (mask=0.2841 fc=0.4873)  lr=9.69e-05
14:13:39 [INFO] epoch= 81/100  train=0.1354  (mask=0.1074 fc=0.1866)  val=0.3443  (mask=0.2715 fc=0.4853)  lr=8.78e-05
14:14:46 [INFO] epoch= 82/100  train=0.1346  (mask=0.1067 fc=0.1861)  val=0.3495  (mask=0.2760 fc=0.4897)  lr=7.90e-05
14:15:54 [INFO] epoch= 83/100  train=0.1341  (mask=0.1062 fc=0.1863)  val=0.3562  (mask=0.2818 fc=0.4959)  lr=7.07e-05
14:17:02 [INFO] epoch= 84/100  train=0.1318  (mask=0.1040 fc=0.1852)  val=0.3535  (mask=0.2799 fc=0.4908)  lr=6.28e-05
14:18:09 [INFO] epoch= 85/100  train=0.1319  (mask=0.1041 fc=0.1854)  val=0.3535  (mask=0.2798 fc=0.4914)  lr=5.53e-05
14:19:16 [INFO] epoch= 86/100  train=0.1326  (mask=0.1049 fc=0.1844)  val=0.3614  (mask=0.2882 fc=0.4878)  lr=4.83e-05
14:20:24 [INFO] epoch= 87/100  train=0.1328  (mask=0.1052 fc=0.1838)  val=0.3571  (mask=0.2831 fc=0.4932)  lr=4.18e-05
14:21:31 [INFO] epoch= 88/100  train=0.1337  (mask=0.1061 fc=0.1844)  val=0.3503  (mask=0.2771 fc=0.4883)  lr=3.57e-05
14:22:38 [INFO] epoch= 89/100  train=0.1329  (mask=0.1053 fc=0.1841)  val=0.3602  (mask=0.2868 fc=0.4891)  lr=3.00e-05
14:23:45 [INFO] epoch= 90/100  train=0.1340  (mask=0.1064 fc=0.1835)  val=0.3569  (mask=0.2833 fc=0.4903)  lr=2.49e-05
14:24:53 [INFO] epoch= 91/100  train=0.1320  (mask=0.1046 fc=0.1832)  val=0.3604  (mask=0.2870 fc=0.4898)  lr=2.02e-05
14:26:01 [INFO] epoch= 92/100  train=0.1310  (mask=0.1035 fc=0.1831)  val=0.3583  (mask=0.2852 fc=0.4870)  lr=1.60e-05
14:27:08 [INFO] epoch= 93/100  train=0.1320  (mask=0.1046 fc=0.1828)  val=0.3647  (mask=0.2908 fc=0.4925)  lr=1.22e-05
14:28:16 [INFO] epoch= 94/100  train=0.1300  (mask=0.1026 fc=0.1826)  val=0.3612  (mask=0.2876 fc=0.4904)  lr=9.00e-06
14:29:23 [INFO] epoch= 95/100  train=0.1321  (mask=0.1047 fc=0.1830)  val=0.3503  (mask=0.2768 fc=0.4900)  lr=6.25e-06
14:30:30 [INFO] epoch= 96/100  train=0.1311  (mask=0.1038 fc=0.1823)  val=0.3557  (mask=0.2821 fc=0.4906)  lr=4.00e-06
14:31:37 [INFO] epoch= 97/100  train=0.1319  (mask=0.1045 fc=0.1824)  val=0.3574  (mask=0.2839 fc=0.4897)  lr=2.25e-06
14:32:45 [INFO] epoch= 98/100  train=0.1320  (mask=0.1046 fc=0.1826)  val=0.3521  (mask=0.2786 fc=0.4900)  lr=1.00e-06
14:33:52 [INFO] epoch= 99/100  train=0.1334  (mask=0.1060 fc=0.1827)  val=0.3606  (mask=0.2871 fc=0.4899)  lr=2.51e-07
14:34:59 [INFO] epoch=100/100  train=0.1337  (mask=0.1064 fc=0.1825)  val=0.3474  (mask=0.2739 fc=0.4900)  lr=0.00e+00
14:34:59 [INFO] 학습 완료. best_val_loss=0.3272
